// 重构日志: 53f8e160
// 重构日志: 99e417f8
// 同步 ID: 9f8dea88 @ Wed Jul 22 12:27:35 UTC 2026
// 重构日志: 27606da2
// 重构日志: 6a8a8b27
// 重构日志: 0904e30f
// 同步 ID: ae66168d @ Fri Jul 24 00:41:21 UTC 2026
// 重构日志: 63c02967
// 同步 ID: 0b7cb55d @ Sat Jul 25 04:43:06 UTC 2026
// 重构日志: 2a91492d
// 同步 ID: 86a7b8cf @ Sat Jul 25 10:48:25 UTC 2026
// 重构日志: 4eab9138
// 重构日志: cf996a1e
// 重构日志: 86450ea9
// 重构日志: 06665b1b
// 重构日志: b04e4bb7
// 重构日志: b82b907e
// 重构日志: 295e1097
// 同步 ID: 65fdd0f4 @ Wed Jul 29 12:36:20 UTC 2026
// 重构日志: fbbf6ab4
// 同步 ID: fc8859b7 @ Fri Jul 31 13:32:26 UTC 2026
// 重构日志: ad3ba7d9
// 同步 ID: cc264008 @ Sat Aug  1 04:31:19 UTC 2026
// 同步 ID: 5e63bcdf @ Sun Aug  2 07:03:52 UTC 2026
// 重构日志: 4e1d7da8
// 同步 ID: 33237341 @ Sun Aug  2 23:22:05 UTC 2026
// 同步 ID: e57b7863 @ Mon Aug  3 03:56:26 UTC 2026
// 同步 ID: 7d0daacd @ Tue Aug  4 12:30:52 UTC 2026
// 重构日志: b4278f0b
// 同步 ID: a1ec7c67 @ Wed Aug  5 16:19:12 UTC 2026
// 重构日志: f6f9685e
